
Script my_shell_script.sh in zsh started at 2026-07-01 16:19:33
Hello world!
Script my_shell_script.sh finished successfully at 2026-07-01 16:19:33

Script analyze_data.py in /Users/twomanyb/rleung_gslab_practicetask1/.venv/bin/python started at 2026-07-01 16:19:33
                            OLS Regression Results                            
==============================================================================
Dep. Variable:                  displ   R-squared:                       0.638
Model:                            OLS   Adj. R-squared:                  0.636
Method:                 Least Squares   F-statistic:                     122.6
Date:                Wed, 01 Jul 2026   Prob (F-statistic):             0.0573
Time:                        16:19:34   Log-Likelihood:                -272.70
No. Observations:                 234   AIC:                             549.4
Df Residuals:                     232   BIC:                             556.3
Df Model:                           1                                         
Covariance Type:              cluster                                         
==============================================================================
                 coef    std err          z      P>|z|      [0.025      0.975]
------------------------------------------------------------------------------
Intercept      7.5585      0.522     14.489      0.000       6.536       8.581
cty           -0.2424      0.022    -11.073      0.000      -0.285      -0.199
==============================================================================
Omnibus:                       43.018   Durbin-Watson:                   0.965
Prob(Omnibus):                  0.000   Jarque-Bera (JB):               72.324
Skew:                           0.996   Prob(JB):                     1.97e-16
Kurtosis:                       4.858   Cond. No.                         71.4
==============================================================================

Notes:
[1] Standard Errors are robust to cluster correlation (cluster)
                            OLS Regression Results                            
==============================================================================
Dep. Variable:                  displ   R-squared:                       0.587
Model:                            OLS   Adj. R-squared:                  0.585
Method:                 Least Squares   F-statistic:                     1173.
Date:                Wed, 01 Jul 2026   Prob (F-statistic):             0.0186
Time:                        16:19:34   Log-Likelihood:                -288.07
No. Observations:                 234   AIC:                             580.1
Df Residuals:                     232   BIC:                             587.0
Df Model:                           1                                         
Covariance Type:              cluster                                         
==============================================================================
                 coef    std err          z      P>|z|      [0.025      0.975]
------------------------------------------------------------------------------
Intercept      7.3676      0.307     24.008      0.000       6.766       7.969
hwy           -0.1662      0.005    -34.253      0.000      -0.176      -0.157
==============================================================================
Omnibus:                       54.692   Durbin-Watson:                   0.848
Prob(Omnibus):                  0.000   Jarque-Bera (JB):              104.320
Skew:                           1.180   Prob(JB):                     2.22e-23
Kurtosis:                       5.266   Cond. No.                         98.6
==============================================================================

Notes:
[1] Standard Errors are robust to cluster correlation (cluster)
/Users/twomanyb/rleung_gslab_practicetask1/.venv/lib/python3.9/site-packages/statsmodels/base/model.py:1894: ValueWarning: covariance of constraints does not have full rank. The number of constraints is 2, but rank is 1
  warnings.warn('covariance of constraints does not have full '
                            OLS Regression Results                            
==============================================================================
Dep. Variable:                  displ   R-squared:                       0.638
Model:                            OLS   Adj. R-squared:                  0.635
Method:                 Least Squares   F-statistic:                     1.770
Date:                Wed, 01 Jul 2026   Prob (F-statistic):              0.410
Time:                        16:19:34   Log-Likelihood:                -272.68
No. Observations:                 234   AIC:                             551.4
Df Residuals:                     231   BIC:                             561.7
Df Model:                           2                                         
Covariance Type:              cluster                                         
==============================================================================
                 coef    std err          z      P>|z|      [0.025      0.975]
------------------------------------------------------------------------------
Intercept      7.5645      0.450     16.795      0.000       6.682       8.447
cty           -0.2333      0.125     -1.872      0.061      -0.478       0.011
hwy           -0.0068      0.077     -0.088      0.930      -0.158       0.144
==============================================================================
Omnibus:                       43.908   Durbin-Watson:                   0.962
Prob(Omnibus):                  0.000   Jarque-Bera (JB):               74.329
Skew:                           1.012   Prob(JB):                     7.24e-17
Kurtosis:                       4.879   Cond. No.                         123.
==============================================================================

Notes:
[1] Standard Errors are robust to cluster correlation (cluster)
Script analyze_data.py finished successfully at 2026-07-01 16:19:34

The following files were created in analyze_data.py:
figure_hwy.jpg table_clustered_reg.tex figure_city.jpg table_reg.tex 

make.sh finished at 2026-07-01 16:19:34
